// Jest Snapshot v1, https://goo.gl/fbAQLP

exports[`#Currency/CustomPicker/CurrencyItem render 1`] = `
<Fragment>
  <Code>
    EUR
  </Code>
  <Separator>-</Separator>
  <Sign>
    â‚¬
  </Sign>
</Fragment>
`;
