// Jest Snapshot v1, https://goo.gl/fbAQLP

exports[`#Time should render correctly 1`] = `"11:30 AM"`;
