// Jest Snapshot v1, https://goo.gl/fbAQLP

exports[`#SideNav MenuItem render 1`] = `
<MenuItem
  Icon={[Function]}
  link="lol"
  text={
    <Translate
      html={false}
      t="kek"
      values={
        Object {
          "companyName": "Kiwi.com",
        }
      }
    />
  }
/>
`;
