// Jest Snapshot v1, https://goo.gl/fbAQLP

exports[`#ClientOnly mount 1`] = `
<div>
  kek
</div>
`;

exports[`#ClientOnly no mount 1`] = `""`;

exports[`#ClientOnly no mount loader 1`] = `
<h2>
  loading...
</h2>
`;
