// Jest Snapshot v1, https://goo.gl/fbAQLP

exports[`#Day format custom 1`] = `
<ContextConsumer>
  <Component />
</ContextConsumer>
`;

exports[`#Day format default 1`] = `
<ContextConsumer>
  <Component />
</ContextConsumer>
`;
