// Jest Snapshot v1, https://goo.gl/fbAQLP

exports[`#Logo render 1`] = `
<ContextConsumer>
  <Component />
</ContextConsumer>
`;
