// Jest Snapshot v1, https://goo.gl/fbAQLP

exports[`#Text html 1`] = `
<span
  dangerouslySetInnerHTML={
    Object {
      "__html": "lol",
    }
  }
/>
`;

exports[`#Text string 1`] = `"lol"`;
