// Jest Snapshot v1, https://goo.gl/fbAQLP

exports[`#Currency render - native 1`] = `
<ContextConsumer>
  <Component />
</ContextConsumer>
`;

exports[`#Currency render 1`] = `
<ContextConsumer>
  <Component />
</ContextConsumer>
`;
