// Jest Snapshot v1, https://goo.gl/fbAQLP

exports[`#currency/context render 1`] = `"Content"`;
