// Jest Snapshot v1, https://goo.gl/fbAQLP

exports[`#BrandName render 1`] = `<[object Object] />`;
