// Jest Snapshot v1, https://goo.gl/fbAQLP

exports[`#Desktop render 1`] = `
.c0 {
  display: none;
}

@media (min-width:769px) {
  .c0 {
    display: block;
  }
}

<div
  className="c0"
  display="block"
>
  asd
</div>
`;
