// Jest Snapshot v1, https://goo.gl/fbAQLP

exports[`#TripList render 1`] = `<Fragment />`;
