// Jest Snapshot v1, https://goo.gl/fbAQLP

exports[`#Language render 1`] = `<[object Object] />`;
