// Jest Snapshot v1, https://goo.gl/fbAQLP

exports[`#ServiceBadge render 1`] = `
<Badge
  icon={
    <Plus
      customColor="#0176d2"
    />
  }
  type="neutral"
>
  <Text
    size="small"
    t="booking.service_packages.plus"
  />
</Badge>
`;
