// Jest Snapshot v1, https://goo.gl/fbAQLP

exports[`#CloseByKey render 1`] = `
<h1>
  kek
</h1>
`;
