// Jest Snapshot v1, https://goo.gl/fbAQLP

exports[`#InitCurrency render 1`] = `<Component />`;
