// Jest Snapshot v1, https://goo.gl/fbAQLP

exports[`#Currency/CurrencyItem render 1`] = `
<React.Fragment>
  <Code>
    EUR
  </Code>
   - 
  <Sign>
    â‚¬
  </Sign>
</React.Fragment>
`;
