// Jest Snapshot v1, https://goo.gl/fbAQLP

exports[`#Currency/Menu render 1`] = `<[object Object] />`;
