// Jest Snapshot v1, https://goo.gl/fbAQLP

exports[`#IataPicker render 1`] = `<[object Object] />`;

exports[`#IataPicker render open 1`] = `<[object Object] />`;
