// Jest Snapshot v1, https://goo.gl/fbAQLP

exports[`#Menu render flat 1`] = `
<ContextConsumer>
  <Component />
</ContextConsumer>
`;

exports[`#Menu render full 1`] = `
<ContextConsumer>
  <Component />
</ContextConsumer>
`;
